Gs^Fdf, Gll^Fdf, Gs, Gs^Fdf, Gs^Fdf, Gll^Fdf, Gs^Fdf, Gll^Fdf, Gll^Fdf, Gll^Fdf, Gll^Fdf, Gll^Fdf, Gll^Fmf, Gll^Fmf, Gll^Fdf, Gll^Fdf, Gll^Fdf, Ss, Ss, Ww, Ww, Gd^Fp, Gd^Fp, Gs, Gd^Fp, Gd^Fp, Gd^Fp, Gd^Fp, Gd^Fmw, Gd^Fp, Gd^Fp, Gd^Fp
Gs^Fdf, Gs^Fdf, Gs, Gs^Fdf, Gs^Vl, Gs^Fdf, Gs^Fdf, Gll^Fdf, Gll^Fmf, Gll^Fdf, Gll^Fdf, Gll^Fdf, Gll^Fdf, Gll^Fdf, Gll^Fmw, Gll^Fdf, Ss, Ss, Ss, Ww, Ww, Ww, Gd^Fp, Gs^Vc, Gd, Gd^Fmw, Gd^Fp, Gd^Fmw, Gd^Fmw, Gd^Fp, Gd^Fp, Gd^Fp
Gs^Fdf, Gll^Fdf, Gs^Vl, Gs, Gs, Gs^Fdf, Gs^Fdf, Gll^Fdf, Gll^Fmf, Gll^Fdf, Gll^Fmf, Gll^Fdf, Gll^Fdf, Ss, Gll^Fdf, Gll^Fdf, Gll^Fdf, Ss, Gll^Fdf, Ss, Gll^Fdf, Wo, Ww, Gd^Fp, Gd^Fp, Gd^Fp, Gd^Fmw, Chr^Edt, 3 Khr, Chr^Edt, Gd^Fmw, Gd^Fp
Gs^Fdf, Gs^Fdf, Gs^Fdf, Gs^Fdf, Gs, Gs^Fdf, Gs^Fdf, Gll^Fmf, Gll^Fmf, Gll^Fdf, Gd, Gll^Fdf, Gll^Fmw, Gll^Fdf, Gd^Fdf, Gll^Fdf, Gll^Em, Gll^Fmf, Gll^Fmw, Gll^Fdf, Gll^Fdf, Wo, Ww, Gd^Fp, Gd^Fp, Gd^Fmw, Gd^Fmw, Chr^Edt, Rd, Chr^Edt, Gd^Fp, Gd^Fp
Gll^Fdf, Gs^Fdf, Gs^Fdf, Gs^Fdf, Gs, Gs^Fdf, Gs^Fdf, Gs^Fdf, Gs^Fdf, Gll^Fdf, Gll^Fmf, Gll^Fmf, Gll^Fmf, Gll^Fdf, Ss, Ss, Gll^Emf, Gll^Fmf, Ss, Gll^Fdf, Gll^Fmf, Gll^Fdf, Ww, Ww, Ww, Gd^Fp, Gd^Fp, Gd^Edt, Rd^Ecf, Gd^Edt, Gs^Vc, Gd^Fp
Gll^Fdf, Gs^Fdf, Gs^Fdf, Gs^Fdf, Ce, Ce, 2 Ce, Gs^Fdf, Gd, Gd, Gll^Fdf, Gll^Fmf, Gll^Fmf, Gll^Fdf, Ss, Gll^Em, Gll^Fmw, Gll, Ss, Gll^Fdf, Gll^Fdf, Gll^Fdf, Gll^Fmf, Wo, Ww, Gd^Fp, Gs^Vc, Gd^Fp, Gd^Fp, Rd^Edt, Gd^Fp, Gd^Fp
Gll^Fdf, Gll^Fdf, Gs^Fdf, Gll^Fdf, Ce, 1 Ke, Ce, Gd, Gs^Vh, Gll^Fdf, Gll^Fdf, Gll^Fdf, Gd, Gll^Fdf, Gd^Fdf, Gll^Fmf, Gll^Fmf, Gll^Feth, Gll, Ss, Gll^Fdf, Gll^Fmf, Gll^Fmf, Gll^Fdf, Ww, Gd^Fp, Gd^Fp, Gd^Fp, Gd^Vc, Gd^Edt, Gd^Fp, Gd^Fp
Gll^Fdf, Gll^Fdf, Gll^Fdf, Gll^Fdf, Gll^Fdf, Ce, Gd, Gd, Gs^Fdf, Gd, Gd, Gd, Gll^Fdf, Gs, Gs, Gd, Gd, Gll^Fdf, Gd, Gll, Gs, Gll^Fmf, Gll^Fmf, Gll^Fdf, Gll^Fdf, Ww, Gd^Edt, Rd, Rd, Rd, Gd^Fp, Gd^Fp
Gll^Fdf, Gll^Fdf, Gll^Fdf, Gll^Fdf, Gll^Fdf, Gd, Gd, Gs^Fdf, Gll^Fdf, Gs^Fdf, Gll^Fdf, Gll^Fdf, Gll^Fmf, Gll^Fdf, Gll^Fdf, Gll^Fdf, Gll^Fdf, Gd, Gll^Fdf, Gll^Fdf, Ss, Gd, Gd, Gd, Rd, Ww^Bw/r, Ww, Gd^Fp, Gd^Fp, Gd, Gd^Fp, Gd^Fp
Gll^Fdf, Gll^Fdf, Gll^Fdf, Gll^Fdf, Gll^Fdf, Gll^Fdf, Gs, Gd, Gd^Fdf, Gs^Fdf, Gll^Fdf, Gll^Fdf, Gll^Fmf, Gll^Fdf, Gll^Fmf, Gll^Fdf, Gd, Gd^Vht, Gd, Gll^Fdf, Gll^Fdf, Gll, Gll^Fdf, Gll^Fdf, Gll^Fdf, Ww, Ww, Gd^Fp, Gd^Fp, Gd, Gd^Fp, Gd^Fp
Gll^Fdf, Gll^Fdf, Gll^Fdf, Gll^Fdf, Gll^Fdf, Gs^Vht, Gs, Gd^Fdf, Gll^Fdf, Gs^Fdf, Gll^Fmf, Gll^Fmf, Gll^Fdf, Gll^Fmf, Gll^Fmf, Gd, Gll^Fdf, Gll^Fdf, Gll^Fdf, Gll^Fmf, Gll^Fdf, Ss, Gll^Fp, Gll^Fp, Gll^Fdf, Gll^Fdf, Ww, Ww, Gd^Fp, Gd^Fmw, Gll^Fp, Gll^Fp
Gll^Fdf, Gll^Fdf, Gd^Fdf, Gll^Fdf, Gd, Gd, Gll^Fdf, Gll^Fdf, Gll^Fmf, Gll^Fdf, Gll^Fdf, Gll^Fdf, Gd, Gll^Fmf, Gd, Gs, Gd, Gll^Fdf, Gll^Fmf, Gll^Fmf, Gd, Gll^Fmw, Gd, Gll^Fmf, Gll^Fdf, Gll^Fp, Ww, Ww, Gd, Gd^Fp, Gll^Fp, Gll^Fp
Gll^Fdf, Gll^Fdf, Gll^Fdf, Gll^Fdf, Gs, Gll^Fdf, Gll^Fdf, Gll^Fdf, Gd, Gd, Gll^Fp, Gll^Fdf, Gll^Fdf, Gd, Gll^Fdf, Gll^Fdf, Gd, Gll^Fdf, Gll^Fdf, Gll^Fp, Gll^Fdf, Gll^Fp, Gd, Gll^Fdf, Gd, Ww, Ww, Gd^Fp, Gd^Fp, Gd^Fp, Gd^Fmw, Gll^Fp
Gll^Fdf, Gll^Fdf, Gll^Fdf, Gs^Vht, Gd, Gll^Fdf, Gll^Fdf, Gll^Fdf, Gd, Gll^Fmf, Gll^Fp, Gll^Fmf, Gd^Fdf, Gll^Fdf, Gs^Fet, Gll^Fdf, Gd, Gll^Fdf, Gs^Fet, Gll^Fmf, Gll^Fp, Gd, Gll^Fdf, Gd, Ww, Ww, Gd^Fp, Gd^Fp, Gs^Vc, Gd^Fp, Gd^Fmw, Gd^Fp
Gll^Fdf, Gll^Fdf, Gll^Fdf, Gd, Gll^Fdf, Gd, Gd, Gd, Gll^Fdf, Gll^Fdf, Gll^Fmf, Gll^Fdf, Gs^Fet, Gll^Fmf, Ss, Gd, Gs, Ss, Ss, Gll^Fdf, Gll^Fp, Gll^Fdf, Gll^Fdf, Gll^Fdf, Ww, Gd^Fp, Gd^Fp, Gd^Fp, Gd^Fp, Rd, Gd, Gd^Fp
Gll^Fdf, Gll^Fdf, Gll^Fdf, Gll^Fdf, Gll^Fdf, Gll^Fdf, Gd, Gll^Fdf, Gll^Fmf, Gll^Fp, Gll^Fp, Gll^Fp, Gll^Fdf, Ss, Ss, Gs^Fet, Gs, Gs^Fet, Ss, Gs^Fet, Ss, Gll^Fmw, Ss, Ww^Ewl, Wo, Ww, Gd^Fp, Gd^Fmw, Gd^Fmw, Gd^Fp, Gd, Gd^Fp
Gll^Fdf, Gll^Fdf, Gs^Vht, Ss, Gd, Gd, Ss, Ss, Ss, Gll^Fp, Ss, Gll^Fmw, Gs^Fet, Ss, Ss, Chr^Edt, 5 Khr, Chr^Edt, Ss, Ss, Gs^Fet, Ss, Gs^Fp, Ss, Ww, Ww, Gd^Fp, Gd^Fmw, Rd, Gd, Gd^Fmw, Gll^Fp
Gll^Fdf, Gll^Fdf, Gll^Fdf, Gd, Gll^Fdf, Gll^Fdf, Gll^Fdf, Gll^Fdf, Ss, Gll^Fdf, Gll^Fmf, Gll^Fmf, Gll^Fdf, Gll^Fdf, Ss, Chr^Edt, Gs^Fet, Chr^Edt, Ss, Ss, Gd^Fdf, Ss, Gs^Fmf, Wo, Wo, Gd^Fp, Gll^Fp, Gd^Fp, Rd, Gd^Fp, Gd^Fp, Gll^Fp
Ww, Ww, Ww, Gd, Gll^Fdf, Gll^Fdf, Ww, Gll^Fdf, Ww, Gll^Fp, Ww, Gll^Fdf, Gll^Fdf, Gs^Fet, Ss, Ss, Ss, Ss, Gd^Fdf, Gs^Fet, Gd^Fdf, Gs^Fmf, Gs^Fp, Ww, Wo, Gd^Fp, Gd^Fp, Gd^Fp, Gd^Fp, Gs^Vc, Gd^Fp, Gll^Fp
Gs^Fp, Gs^Fp, Gd^Fp, Ww^Bw|, Ww, Ww, Ww^Ewl, Ww, Gd^Fp, Ww, Wo, Gll^Fdf, Ww^Ewf, Ss, Gs^Fet, Ss, Gd^Fdf, Gs^Fet, Gd^Fdf, Gd^Fdf, Gd^Fdf, Gd^Fmf, Gd^Fmf, Hhd, Ww, Wo, Ww, Gd, Gd^Fp, Gd^Fp, Gd^Fmw, Gd^Fp
Gs^Fp, Gs^Fp, Gd^Fp, Gd, Gd^Fp, Gs^Fp, Gd^Fp, Gs^Fp, Gd^Fp, Gd^Fp, Ww, Ww, Wo, Ss, Ss, Ss, Gd^Fmf, Gd^Fdf, Gd^Fdf, Hhd^Fdf, Gd^Fmf, Hhd^Fmf, Hhd^Fmf, Hhd, Hhd^Fp, Ww, Ww, Gd^Fp, Gd, Gd, Gd^Fp, Gd^Fmw
Gd^Fp, Gd^Fp, Gd^Fp, Gd, Gd^Fp, Gd^Fp, Gd^Fp, Gd^Fp, Gd^Fp, Gd^Fp, Gd^Fp, Gll^Fmw, Gll^Fmw, Ww, Ss, Gd^Fmf, Gd^Fdf, Gd^Fdf, Hhd^Fmf, Gd^Fmf, Hhd^Fp, Hhd^Fmf, Exos^Edb, Exos^Edb, Exos^Edb, Wwr, Gd, Wwf, Ww, Gd^Fp, Gd^Fp, Gll^Fp
Gll^Fmf, Gd^Fp, Gd^Fp, Gs, Gs, Gd^Fp, Gs, Gd^Fp, Gd^Fp, Gd^Fp, Gll^Fmw, Gll^Fmw, Gll^Fmw, Ww, Ww, Gd^Fmf, Gd^Fmf, Gd^Fdf, Gd^Fmf, Hhd^Fmf, Hhd^Fp, Hhd^Fp, Exos^Edb, Xuf, Exos^Edb, Hhd^Fp, Hhd, Wwr, Ww, Gd^Fp, Gd^Fp, Gd^Fp
Gll^Fmf, Gll^Fmf, Gd^Fp, Gd^Fp, Gd^Fp, Gs, Gd^Fp, Gs, Gd, Gll^Fmw, Gd^Fp, Gll^Feth, Gll^Fmw, Gll^Fmw, Ss, Ww, Ww, Ww, Ww, Wwr, Hhd^Fmf, Hhd, Hhd^Fp, Exos^Edb, Hhd^Fp, Hhd^Fp, Hhd, Hhd^Fp, Wwr, Ww, Wo, Ww
Gd^Fp, Gll^Fmw, Gll^Fmf, Gll^Fmf, Gd^Fp, Gd^Fp, Gd^Fp, Gd^Fp, Gd, Gd^Fp, Gd^Fp, Gd, Gd^Fp, Gd^Fp, Gd^Fp, Gd^Fp, Gd^Fp, Gd^Fp, Ww^Ewl, Ww, Ww, Hhd, Ww, Wwr, Hhd, Hhd, Gd, Hhd^Fp, Ww, Wo, Ww, Wo
Gd^Fp, Gll^Fmf, Gll^Fmf, Gd^Fp, Gd^Fp, Gll^Fmf, Gll^Fmf, Gd, Gd^Vc, Gd^Fp, Gs, Gs, Gll^Fmw, Gll^Fmw, Gd^Fp, Gd^Fp, Gd^Fp, Gd^Fp, Ss, Gd^Fp, Gd^Fp, Ww, Ww, Ww, Ww, Wwr, Ww^Bw|r, Ww, Gd^Fp, Ww, Gd^Fp, Ww
Gd^Fp, Gd^Fp, Ss, Gd^Fp, Gll^Fmf, Gll^Fmf, Gll^Fmf, Gd, Gd, Gs, Gs^Fp, Gs, Gd^Fp, Gll^Fmw, Gd^Vc, Gd^Fp, Gd^Fp, Ss, Gd^Fp, Gd^Fp, Gll^Fmw, Gd^Fp, Gd^Fp, Gd^Fp, Gd^Fp, Gd^Vc, Rd, Gd^Fp, Gd^Fp, Gd^Fp, Gll^Fdf, Gd^Fp
Gd^Fp, Ss, Ss, Gd^Fp, Ss, Gll^Fmf, Gll^Fmw, Gd^Fp, Gd^Fp, Gd^Fp, Gd^Fp, Gs, Gd^Fp, Gd^Fp, Gd^Fp, Gd^Fp, Gd^Fp, Gd^Fp, Ss, Gll^Fmw, Gd^Fp, Gd^Fp, Gd^Fp, Gd^Fp, Gd^Fp, Gd, Gd^Fp, Gd^Fp, Gll^Fmf, Gll^Fdf, Gll^Fmf, Gll^Fdf
Gd^Fp, Ss, Gd^Fp, Gd^Fp, Gd^Fp, Gll^Fmw, Gll^Fmw, Gll^Fmf, Gd^Fp, Gd^Fp, Gd, Rd^Edt, Rd^Ecf, Rd^Edt, Rd, Gd^Fp, Gd^Fp, Gd^Fp, Gd^Fp, Gll^Fmw, Gd^Fp, Gll^Fmw, Gd^Fp, Gd^Fp, Gd, Gd, Gd^Fp, Gd^Fp, Gd^Fp, Gll^Fmf, Gll^Fmf, Gll^Fdf
Gd^Fp, Gd^Fp, Ss, Ss, Gll^Fmf, Gll^Fmf, Gll^Fmf, Gll^Fmf, Gd^Fp, Gd^Fp, Gd^Fp, Gd^Fp, Rd^Edt, Chr^Edt, 4 Khr, Chr^Edt, Gd^Fp, Gd^Fp, Rd, Gd^Fp, Gd^Fp, Gll^Fmw, Gll^Fdf, Gd^Fp, Gll^Fdf, Gd^Fp, Gd, Gll^Fmf, Gd^Fp, Gll^Fmf, Gll^Fdf, Gll^Fdf
Gd^Fp, Gd^Fp, Ss, Ss, Gd^Fp, Gd^Fp, Gd^Fp, Gd^Fp, Gd^Fp, Gd^Vc, Gd, Gd^Fp, Gd^Fp, Chr^Edt, Gd^Fp, Chr^Edt, Gd^Fp, Gd, Gd^Fp, Gd^Vc, Gd^Fp, Gd^Fp, Gll^Fdf, Gll^Fdf, Gll^Fmw, Gd^Fp, Gd^Fp, Gd, Gd^Fp, Gll^Fmf, Gll^Fmf, Gll^Fmf
Gd^Fp, Ss, Ss, Ss, Ss, Gd^Fp, Gd^Fp, Gd^Fp, Gd^Fp, Gd^Fp, Gd^Fp, Gd^Fp, Gd^Fp, Gd^Fp, Gd^Fp, Gd^Fp, Gd^Fp, Gd^Fp, Gd^Fp, Gd^Fp, Gd^Fp, Gll^Fdf, Gll^Fdf, Gll^Fdf, Gll^Fmw, Gll^Fdf, Gd^Fp, Gd, Gd^Fp, Gd^Fp, Gll^Fmf, Gd^Fp
