Wot, Wot, Wot, Wot, Wot, Wot, Wot, Wot, Wot, Wot, Wot, Wot, Wot, Wo, Wo, Wo, Wo, Wo, Wo, Wo, Ww, Wo, Ww, Wo, Wo, Wo, Wo, Wo, Wo, Wo, Wo, Ww, Ds, Gg, Gg, Gg, Gg, Gs^Fds, Gs^Fp, Gs^Fp, Gs^Fp
Wot, Wot, Wot, Wot, Wot, Wot, Wot, Wot, Wot, Wot, Wot, Wot, Wo, Wo, Wo, Wo, Wo, Wo, Ww, Ww, Ww, Ww, Gg, Ww, Wo, Wo, Wo, Wo, Wo, Wo, Wo, Ww, Ds, Gg, Gg, Gg, Gg, Gs^Fds, Gs^Fp, Gs^Fp, Gs^Fp
Wot, Wot, Wot, Wot, Wot, Wot, Wot, Wot, Wot, Wot, Wo, Wot, Wo, Wo, Wo, Wo, Wo, Wo, Ww, Ww, Gg^Ve, Gs^Fds, Gg^Ve, Ww, Ww, Wo, Wo, Wo, Wo, Wo, Ww, Ww, Ww, Ds, Gg, Gg, Gg, Gs^Fms, Gs^Fms, Gs^Fms, Gs^Fms
Wot, Wot, Wot, Wot, Wot, Wot, Wot, Wot, Wot, Wo, Wo, Wo, Wo, Wo, Wo, Wo, Wo, Ww, Ww^Bw\, Ww, Gs^Fds, Gs^Fds, Gs^Fds, Ww, Ds, Ww, Ww, Ww, Ww, Ww, Ww, Ww, Ww, Ds, Ds, Gs^Fds, Gg, Gg, Gg, Gg, Gg
Wot, Wot, Wot, Wot, Wot, Wot, Wot, Wot, Wot, Wot, Wot, Wo, Wo, Wo, Wo, Wo, Wo, Ww, Ww, Gg, Gg^Ve, Gs^Fds, Gs^Fds, Ds^Ve, Gs^Fds, Ww^Vm, Ww, Ww, Wo, Ww, Wo, Wo, Ww, Ds, Ds, Gs^Fds, Gg, Gs^Fms, Gs^Fms, Gs^Fms, Gs^Fms
Wot, Wot, Wot, Wot, Wot, Wot, Wot, Wot, Wot, Wot, Wot, Wo, Wo, Wo, Wo, Wo, Wo, Ww, Ww, Gg, Ww^Vm, Cv, 5 Kv, Cv, Gs^Fds, Ds, Ww, Ww, Wo, Wo, Wo, Wo, Wo, Ww, Ds, Gg, Gg^Ve, Gg, Gg, Gg, Gg
Wot, Wot, Wot, Wot, Wot, Wot, Wot, Wot, Wot, Wot, Wot, Wot, Wot, Wo, Wo, Wo, Wo, Ww, Ww, Ww, Gs^Fds, Gg^Ve, Cv, Gg^Ve, Ds, Ds, Ww, Wo, Wo, Wo, Wo, Wo, Wo, Ww, Ww, Gg, Ww, Gg, Gg, Gg, Gg
Wot, Wot, Wot, Wot, Wot, Wot, Wot, Wot, Wot, Wot, Wot, Wot, Wo, Wo, Wo, Wo, Wo, Wo, Wo, Ww, Ww, Gs^Fds, Ds, Gs^Fds, Ds, Wwr, Ww, Wo, Wo, Wo, Wo, Wo, Wo, Ww, Ds, Ww, Ww, Ww, Ww, Ww, Ww
Wot, Wot, Wot, Wot, Wot, Wot, Wot, Wot, Wot, Wot, Wot, Wot, Wo, Wo, Wo, Wo, Wo, Wo, Wo, Ww, Ww, Ds, Ww^Vm, Ds, Wwr, Wwr, Wwr, Wo, Wo, Wo, Wo, Wo, Ww, Ww, Ds, Gg, Gg, Ww, Ww, Ww, Ww
Wot, Wot, Wot, Wot, Wot, Wot, Wot, Wot, Wot, Wot, Wot, Wot, Wot, Wo, Wo, Wo, Wo, Wo, Wo, Ww, Ww, Ww, Ww, Ds, Ww, Ww, Wwr, Wo, Wo, Wo, Wo, Wo, Ww, Ww^Vm, Gg, Gg, Gg, Gg^Ve, Gs^Fds, Gs^Fds, Gs^Fds
Wot, Wot, Wot, Wot, Wot, Wot, Wot, Wot, Wot, Wot, Wot, Wot, Wot, Wo, Wo, Wo, Wo, Wo, Wo, Wo, Ww, Ww, Ww, Wwr, Ds, Ww, Ww, Wwr, Ww, Wo, Wo, Wo, Ww, Ds, Gg, Gg^Ve, Gg, Gg, Gg, Gs^Fds, Gg
Wot, Wot, Wot, Wot, Wot, Wot, Wot, Wot, Wot, Wot, Wot, Wot, Wot, Wot, Wot, Wo, Wo, Wo, Wo, Wo, Wo, Ww, Ww, Ds, Ds, Ww^Vm, Ww, Wwr, Wwr, Wo, Wo, Wo, Ww^Vm, Ds, Gs^Fds, Gs^Fds, Rp, Rp, Rp, Gg^Ve, Rp
Wot, Wot, Wot, Wot, Wot, Wot, Wot, Wot, Wot, Wot, Wot, Wot, Wot, Wot, Wot, Wot, Wo, Wo, Wo, Wo, Wo, Ww, Ww, Wwr, Ww, Ww, Ww, Wwr, Ww, Ww, Wo, Ww, Ds, Ds, Gs^Fds, Rp, Cv, Cv, Cv, Rp, Gs^Fds
Wot, Wot, Wot, Wot, Wot, Wot, Wot, Wot, Wot, Wot, Wot, Wot, Wot, Wot, Wot, Wot, Wot, Wo, Wo, Wo, Wo, Wo, Ww, Ww, Ww, Wwr, Wwr, Ww, Ww^Vm, Ww, Ww, Ww, Ds, Ds, Gs^Fds, Rp, Cv, 3 Kv, Cv, Rp, Gs^Fds
Wot, Wot, Wot, Wot, Wot, Wot, Wot, Wot, Wot, Wot, Wot, Wot, Wot, Wot, Wot, Wot, Wo, Wo, Wo, Wo, Wo, Wo, Ww, Ww, Ww, Wwr, Wwr, Ds, Ww, Ww, Ww, Ww, Ds, Gg, Gg, Rp, Rp, Cv, Rp, Gs^Fds, Gs^Fds
Wot, Wot, Wot, Wot, Wot, Wot, Wot, Wot, Wot, Wot, Wot, Wot, Wot, Wot, Wot, Wot, Wo, Wot, Wot, Wo, Wo, Wo, Ww, Ww, Ww, Ww, Ww, Wwr, Ww, Ww, Ww, Ds, Gg, Gg^Ve, Rp, Rp, Gg, Rp, Gg^Ve, Gs^Fds, Gs^Fds
Wot, Wot, Wot, Wot, Wot, Wot, Wot, Wot, Wot, Wot, Wot, Wot, Wot, Wot, Wot, Wot, Wot, Wot, Wot, Wo, Wo, Wo, Wo, Ww, Ww^Vm, Ww, Ww, Wwr, Wwr, Ww, Ds, Ds, Gs, Gg, Rp, Gg^Ve, Gg, Gg, Gs^Fds, Gs^Fds, Gs^Fds
Wot, Wot, Wot, Wot, Wot, Wot, Wot, Wot, Wot, Wot, Wot, Wot, Wot, Wot, Wot, Wot, Wot, Wot, Wot, Wot, Wot, Wot, Ww, Ww, Ww, Ww, Wwr, Wwr, Ww, Ww, Ds, Ds, Gg, Gg, Rp, Gg, Rp, Gg, Gg^Efm, Gs^Fds, Gs^Fds
Wot, Wot, Wot, Wot, Wot, Wot, Wot, Wot, Wot, Wot, Wot, Wot, Wot, Wot, Wot, Wot, Wot, Wot, Wot, Wot, Wot, Wot, Wot, Ww, Wwt, Ww, Ww, Wwr, Ds, Ds, Gs, Gs, Gs, Gg^Ve, Gs^Fds, Rp, Gg^Ve, Rp, Gg, Gg^Efm, Gs^Fds
Wot, Wot, Wot, Wot, Wot, Wot, Wot, Wot, Wot, Wot, Wot, Wot, Wot, Wot, Wot, Wot, Wot, Wot, Wot, Wot, Wot, Wot, Wot, Wwt, Wwt, Wwt, Ds, Ds, Gs, Ds, Gs, Gg, Gg^Efm, Gs^Fds, Gs^Fms, Gs^Fds, Gg, Rp, Gg^Ve, Gg, Gg
Wot, Wot, Wot, Wot, Wot, Wot, Wot, Wot, Wot, Wot, Wot, Wot, Wot, Wot, Wot, Wot, Wot, Wot, Wwt, Wot, Wwt, Wot, Wwt, Wwt, Ds, Ds, Gs, Ds, Gs, Gs, Gg, Gg^Efm, Gs^Fms, Gs^Fds, Gg^Ve, Gs^Fds, Rp, Rp, Gg, Gg, Gg
Wot, Wot, Wot, Wot, Wot, Wot, Wot, Wot, Wot, Wot, Wot, Wot, Wot, Wot, Wot, Wot, Wwt, Wwt, Wwt, Wot, Wwt, Wwt, Ds, Ds, Gs, Ds, Gs, Gs, Gs, Gg, Gs^Fds, Gs^Fds, Gs^Fp, Gs^Fms, Gs^Fp, Gs^Fp, Gs^Fds, Gs^Fds, Gs^Fds, Gs^Fds, Gs^Fds
Wot, Wot, Ds, Wot, Wwt, Wwt, Wwt, Ww^Vm, Wwt, Wot, Wot, Wot, Wwt, Wwt, Wwt, Wot, Wwt, Wwt, Ds, Wwt, Ds, Ds, Gs, Ds, Gs, Gs, Gg^Ve, Gg, Gg, Gg, Gs^Fms, Gs^Fp, Gll^Fp, Gll^Fp, Gll^Fp, Gs^Fp, Gs^Fds, Gs^Fds, Gs^Fds, Gs^Fds, Gs^Fds
Ds, Ds, Gs, Ds, Ds, Wwt, Wwt, Wwt, Wwt, Wwt, Wot, Wot, Wwt, Ww^Vm, Wwt, Wwt, Ds, Wwt, Ds, Ds, Gs, Gs, Gg, Gs, Gs, Gg, Gs^Fds, Gg, Gs^Fds, Gs^Fds, Gs^Fms, Gll^Fp, Gll^Fp, Gll^Fp, Gll^Fp, Gs^Fms, Gs^Fms, Gg^Ve, Gs^Fds, Gs^Fds, Gs^Fds
Gs^Fds, Gs, Gs, Gs, Rp, Ds, 1 Kvr, 2 Wwt, Wwt^Bw/r, Wwt, Wwt, Wot, Wwt, Wwt, Ds, Ds, Gs, Ds, Gs, Gs, Gg, Gs, Gg, Gs, Gg, Gs^Fds, Gs^Fds, Gs^Fds, Gs^Fms, Gs^Fms, Gs^Fds, Gs^Fms, Gs^Fms, Gs^Fds, Gs^Fds, Gll^Fp, Gs^Fms, Gs^Fds, Gs^Fms, Gs^Fms, Gll^Fp
Gs^Fds, Gs^Fds, Gs^Ve, Gs^Fds, Gs^Fds, Cvr^Es, Cvr^Es, Cvr^Es, Cvr^Es, Wwt, Wwt, Wwt, Ds, Ds, Gs, Gs, Gg^Ve, Gs, Gg, Gs, Gg, Gg, Gg, Gg, Gg, Gs^Fds, Gs^Fds, Gs^Fds, Gs^Fds, Gs^Fds, Gs^Fds, Gg, Gg, Gs^Fds, Gg, Gs^Fds, Gs^Fds, Gs^Fds, Gs^Fds, Gll^Fp, Gll^Fp
Gs^Fms, Gs^Fds, Gs^Fds, Gs^Fds, Gs^Fds, Gs^Fds, Rp, Cvr^Es, Ds, Wwt, Gs^Ve, Wwt, Ds, Gs, Gs^Fds, Gs, Gg, Gg, Gg, Gg, Gg, Gg, Gs^Fds, Gs^Fds, Gg, Gs^Fds, Gs^Fds, Gs^Fds, Gs^Fds, Gs^Fds, Gg, Gg^Ve, Gg^Efm, Gg^Efm, Gg^Efm, Gg, Gs^Fds, Gs^Fds, Gs^Fds, Gs^Fms, Gs^Fds
Gs^Fms, Gs^Fms, Gs^Fds, Gs^Fds, Gs^Fds, Gs^Fds, Gs^Fds, Rp, Ds, Wwt, Wwt, Wwt, Ds, Gs^Fds, Gs^Fds, Gs^Fds, Gg, Gg, Gg^Ve, Gg, Gg, Gs^Fds, Gs^Fds, Gs^Fds, Gg, Gg, Gg, Gg, Gg, Gs^Fds, Gg, Gg, Gg, Gg, Gg, Gg, Gg, Gs^Fds, Hh^Fds, Hh^Fds, Hh^Fds
Gs^Fms, Gs^Fds, Gs^Fds, Gs^Fds, Gs^Fds, Gs^Fds, Gs^Fds, Rp, Ds, Wwt, Wwf, Wwt, Ds, Gs^Fds, Gs^Fds, Gs^Fds, Gg, Gg, Gg, Gg, Gg, Gg, Gs^Fds, Gs^Fds, Gs^Fds, Gg, Gg, Gg, Gs^Fds, Gg, Gg, Gg, Hh, Hh, Hh, Hh, Hh, Gg, Hh, Hh^Fds, Hh
Gs^Fms, Gs^Fds, Hh^Fms, Gs^Fds, Gs^Fds, Gs^Fds, Gs^Fds, Gs, Gs^Ve, Ds, Ds, Wwf, Ds, Gs, Gs, Gg, Gg, Gg, Gg, Gg, Gg, Gs^Fds, Gg, Gg, Gg, Gg, Gg, Gs^Fds, Gs^Fds, Gg, Gs, Hh^Fds, Hh^Fds, Hh, Hh, Hh, Hh, Hh, Hh, Hh, Hh
Gs^Fms, Hh^Fms, Hh^Fms, Hh, Hh, Gs^Fds, Gs, Gs, Gs^Fds, Gs, Ds, Wwf, Ds, Gs, Gs, Gs^Fds, Gs^Fms, Gs^Fds, Gs^Fds, Gg, Gg, Gg, Gg^Efm, Gg^Efm, Gg, Gg, Gg, Gs^Fds, Gs^Fds, Gs^Fds, Gs, Hh^Fds, Hh, Hh, Hh, Hh, Hh, Hh, Hh, Hh, Mm
Hh^Fms, Hh^Fms, Hh, Hh^Fms, Hh, Hh, Gs, Gs, Gs^Fds, Gs^Fds, Gs^Fds, Wwf, Gs, Gs, Gs, Gs^Fds, Gs^Fms, Gs^Fms, Gs^Fds, Gs^Fds, Gg, Gg, Gg, Gg, Gs, Gs, Gs, Gg, Gs^Fds, Hh^Fds, Hh^Fds, Gs, Hh, Mm, Mm, Hh, Hh, Hh^Vc, Mm, Mm, Mm
Hh, Hh^Fms, Hh, Hh, Hh, Hh, Hh, Gs, Gs^Fds, Gs^Fds, Ww, Ww, Gs, Gs, Gs^Fds, Gs^Fds, Gs^Fds, Gs^Fds, Gg, Gg, Gg, Gg, Hh, Gg, Hh, Gs, Hh, Gs, Hh, Hh^Fds, Hh, Rd, Hh, Hh, Mm, Mm, Mm, Mm, Mm, Mm, Mm
Hh, Hh, Mm, Hh, Mm, Hh, Hh, Hh^Vhh, Gs, Gs^Fds, Ww, Gs, Gs, Gs, Gs^Fds, Gs^Fds, Hh^Fds, Hh, Hh, Hh, Hh, Hh, Hh, Hh, Hh, Hh, Hh, Gs, Hh, Hh, Hh, Rd, Rd, Mm, Hh, Mm, Hh, Mm, Mm, Mm, Mm
Hh, Hh, Hh, Mm, Mm, Mm, Hh, Hh, Hh, Gs, Ww, Ww, Ww, Gs^Fds, Hh^Fds, Gs^Fds, Hh, Hh^Fds, Hh, Hh, Hh, Hh, Hh, Hh, Hh^Vc, Hh, Hh, Hh, Hh, Hh^Vc, Hh, Hh, Rd, Hh, Hh, Hh, Hh, Hh, Hh, Hh, Mm
Mm, Hh, Mm, Ww, Ww, Mm, Hh, Hh, Hh, Hh, Hh, Ww, Hh^Fds, Hh^Fds, Hh^Fds, Hh, Hh, Hh, Rd, Rd, Rd, Hh, Hh, Hh, Mm, Hh, Mm, Mm, Mm, Hh, Mm, Mm, Hh, Rd, Rd, Hh^Vhh, Rd, Hh, Hh^Vhh, Mm, Mm
Mm, Mm, Hh, Hh, Ww, Hh, Hh, Hh, Hh, Hh, Hh, Ww, Gs^Fds, Gs^Fds, Hh, Hh, Hh, Rd, Mm, Hh, Hh, Rd, Rd, Hh, Hh, Mm, Hh, Mm, Hh, Mm, Hh, Hh, Rd, Rd, Hh, Rd, Hh, Rd, Hh, Mm, Mm
Mm, Mm, Ww, Hh, Ww, Ww, Ww, Hh, Ww, Hh, Ww, Ww, Ww, Gs^Fds, Rd, Rd, Rd, Rd, Mm, Hh, Hh, Hh, Rd, Hh, Hh^Vud, Hh, Rd, Hh, Hh, Mm, Hh, Hh^Vc, Rd, Hh, Hh, Hh, Hh, Hh, Mm^Vhh, Hh, Mm
Ww, Ww, Hh, Ww, Gg, Gg, Gg, Ww, Gs, Ww, Gs^Fds, Gs^Fds, Rd, Ww^Bw/, Gs^Fds, Gs^Fds, Hh, Mm, Mm, Hh, Hh^Vc, Hh, Rd, Hh, Rd, Rd, Cud, Rd, Rd^Vud, Hh, Rd, Rd, Mm, Mm, Mm, Mm, Mm, Mm, Mm, Mm, Mm
Hh, Hh, Hh, Gs, Gs^Fds, Gg, Gs^Fds, Gg, Gs^Ve, Gs, Rd, Rd, Hh^Fds, Ww, Gs^Fds, Gs^Fds, Hh^Fds, Mm, Hh, Hh, Hh, Hh, Hh, Rd, Rd, Cud, 4 Kud, Rd, Rd, Rd, Hh, Hh, Mm, Mm, Mm, Mm, Mm, Mm, Mm, Mm, Mm
Hh, Hh, Hh, Gs^Fds, Gs^Fds, Gs^Fds, Hh, Gs^Fds, Hh, Gs, Rd, Hh^Fds, Gs^Fds, Ww, Ww, Mm, Mm, Mm, Mm, Mm, Hh, Hh, Hh, Hh, Hh^Vud, Rd, Cud, Cud, Rd, Hh, Mm, Hh^Vhh, Mm, Mm, Mm, Mm, Mm, Mm, Mm^Vhh, Mm, Mm
Hh, Hh, Gs^Fds, Gs^Fds, Gs^Fds, Gs^Fds, Hh, Hh, Gs, Rd, Hh^Fds, Hh^Fds, Gs^Fds, Ww, Ww, Ww, Mm, Mm, Mm, Mm, Mm, Hh, Hh, Hh, Hh, Rd, Rd, Rd, Mm, Mm, Mm, Mm, Mm, Mm, Mm, Mm, Mm, Mm, Mm, Mm, Mm
